2444fca2e6088cb4751746e423aa0f30  ../snu-rt/crc/crc

PCG

main 00050310
	icrc 00050158

icrc 00050158
	icrc1 00050124

icrc1 00050124

liste des fonctions appelantes de chaque fonction

main 00050310

icrc 00050158
	main 00050310

icrc1 00050124
	icrc 00050158
