0bbb82437c4905d4d20eee18523e0137  ../snu-rt/fibcall/fibcall

PCG

main 00050158
	fib 00050124

fib 00050124

liste des fonctions appelantes de chaque fonction

main 00050158

fib 00050124
	main 00050158
