94c4906b0f373a4e89f4f1b6dfca3f47  ../snu-rt/fir/fir

PCG

main 00050610
	sin 00050168
	gaussian 00050458
	fir_filter 000503f0

sin 00050168
	fabs 00050148

fabs 00050148

gaussian 00050458
	rand 00050124
	sqrt 00050314

rand 00050124

sqrt 00050314
	fabs 00050148

fir_filter 000503f0

liste des fonctions appelantes de chaque fonction

main 00050610

sin 00050168
	main 00050610

fabs 00050148
	sin 00050168
	sqrt 00050314

gaussian 00050458
	main 00050610

rand 00050124
	gaussian 00050458

sqrt 00050314
	gaussian 00050458

fir_filter 000503f0
	main 00050610
