2c8b6c06aba08a2a41a485ce09e74ee5  ../snu-rt/insertsort/insertsort

PCG

main 00050124

liste des fonctions appelantes de chaque fonction

main 00050124
