480900e0e98d38abdc2e1292428365fd  ../snu-rt/lms/lms

PCG

main 000505c8
	sqrt 00050178
	sin 00050254
	gaussian 000503f0
	lms 00050764

sqrt 00050178
	fabs 00050158

fabs 00050158

sin 00050254
	fabs 00050158

gaussian 000503f0
	rand 00050124
	log 00050148
	sqrt 00050178

rand 00050124

log 00050148

lms 00050764

liste des fonctions appelantes de chaque fonction

main 000505c8

sqrt 00050178
	main 000505c8
	gaussian 000503f0

fabs 00050158
	sqrt 00050178
	sin 00050254

sin 00050254
	main 000505c8

gaussian 000503f0
	main 000505c8

rand 00050124
	gaussian 000503f0

log 00050148
	gaussian 000503f0

lms 00050764
	main 000505c8
