080bbd49772ef358fc1aca433afe58e7  ../snu-rt/ludcmp/ludcmp

PCG

main 00050144
	ludcmp 00050240

ludcmp 00050240
	fabs 00050124

fabs 00050124

liste des fonctions appelantes de chaque fonction

main 00050144

ludcmp 00050240
	main 00050144

fabs 00050124
	ludcmp 00050240
