5ce0dda27f0d8e81bf5520ea1412d05e  ../snu-rt/matmul/matmul

PCG

main 000501f4
	matmul 00050124

matmul 00050124

liste des fonctions appelantes de chaque fonction

main 000501f4

matmul 00050124
	main 000501f4
