25ed3c5d3ec74848bdf8e7454766e3bf  ../snu-rt/minver/minver

PCG

main 00050144
	minver 00050358
	mmul 00050228

minver 00050358
	fabs 00050124

fabs 00050124

mmul 00050228

liste des fonctions appelantes de chaque fonction

main 00050144

minver 00050358
	main 00050144

fabs 00050124
	minver 00050358

mmul 00050228
	main 00050144
