dca3cc9c2cbf32834c737bb479eb88ff  ../snu-rt/select/select

PCG

main 0005034c
	select 00050124

select 00050124

liste des fonctions appelantes de chaque fonction

main 0005034c

select 00050124
	main 0005034c
