2444fca2e6088cb4751746e423aa0f30  ../snu-rt/crc/crc
WCET = 324320
