9c6b436770eddc45258f0038593ba56e  ../snu-rt/fft1k/fft1k
WCET = 1051702565
