7fee1f30b95a93f0f2ba47aa4204987d  ../snu-rt/fft1/fft1
WCET = 68725
