2c8b6c06aba08a2a41a485ce09e74ee5  ../snu-rt/insertsort/insertsort
WCET = 8550
