080bbd49772ef358fc1aca433afe58e7  ../snu-rt/ludcmp/ludcmp
WCET = 77480
