WARNING: there is no data cache here !
WCET[../snu-rt/bs/bs] = 318
