WARNING: there is no data cache here !
WCET[../snu-rt/crc/crc] = 36137
