WARNING: there is no data cache here !
WCET[../snu-rt/fft1k/fft1k] = 195881801
