WARNING: there is no data cache here !
WCET[../snu-rt/fibcall/fibcall] = 118
