WARNING: there is no data cache here !
WCET[../snu-rt/fir/fir] = 49816
