WARNING: there is no data cache here !
WCET[../snu-rt/insertsort/insertsort] = 1853
