WARNING: there is no data cache here !
WCET[../snu-rt/jfdctint/jfdctint] = 2028
