WARNING: there is no data cache here !
WCET[../snu-rt/lms/lms] = 667500
