WARNING: there is no data cache here !
WCET[../snu-rt/ludcmp/ludcmp] = 12556
