WARNING: there is no data cache here !
WCET[../snu-rt/matmul/matmul] = 4005
