WARNING: there is no data cache here !
WCET[../snu-rt/minver/minver] = 5618
