WARNING: there is no data cache here !
WCET[../snu-rt/qurt/qurt] = 3814
