WARNING: there is no data cache here !
WCET[../snu-rt/select/select] = 7452
