d619dddb227e3ab80177ee07cf008300  ../snu-rt/bs/bs
WCET = 2045
