0bbb82437c4905d4d20eee18523e0137  ../snu-rt/fibcall/fibcall
WCET = 1130
