94c4906b0f373a4e89f4f1b6dfca3f47  ../snu-rt/fir/fir
WCET = 233560
