18ef33f7933dbc6a349427f2bce2573a  ../snu-rt/jfdctint/jfdctint
WCET = 20200
