25ed3c5d3ec74848bdf8e7454766e3bf  ../snu-rt/minver/minver
WCET = 34830
