14bdff21a4be3b1dc4ac01dcbd36aef2  ../snu-rt/qurt/qurt
WCET = 18099
