dca3cc9c2cbf32834c737bb479eb88ff  ../snu-rt/select/select
WCET = 41200
