d619dddb227e3ab80177ee07cf008300  ../snu-rt/bs/bs
Looking for CFG main
main found at 0x00050124

DOMINANCE
0 dominates {0, 1, 2, 3, 4}
1 dominates {1, 2, 3, 4}
2 dominates {2, 3, 4}
3 dominates {3, 4}
4 dominates {4}

LOOP HEADERS

CONTEXT TREE
ROOT {ENTRY, 0(00050124), 1(0005013c), 2(00050148), EXIT}
  FUNCTION to binary_search {ENTRY, 0(00050160), 2(00050198), 4(00050248), 7(00050254), EXIT}
    LOOP at 00050188 {1(00050188), 3(0005019c), 5(000501d4), 6(00050204), 8(00050244), 9(00050228), 10(00050238)}
SUCCESS
