2444fca2e6088cb4751746e423aa0f30  ../snu-rt/crc/crc
Looking for CFG main
main found at 0x00050310

DOMINANCE
0 dominates {0, 1, 2, 3, 4, 5}
1 dominates {1, 2, 3, 4, 5}
2 dominates {2, 3, 4, 5}
3 dominates {3, 4, 5}
4 dominates {4, 5}
5 dominates {5}

LOOP HEADERS

CONTEXT TREE
ROOT {ENTRY, 0(00050310), 1(00050330), 2(00050358), 3(00050374), EXIT}
  FUNCTION to icrc {ENTRY, 0(00050158), 1(000501a4), 2(00050208), 4(00050210), 5(00050220), 7(00050248), 8(00050228), 9(00050254), 10(000502b0), 12(000502b8), 13(000502c0), 16(000502e0), EXIT}
    LOOP at 000501c8 {3(000501c8), 6(000501d4)}
      FUNCTION to icrc1 {ENTRY, 0(00050124), 5(00050154), EXIT}
        LOOP at 00050130 {1(00050130), 2(00050138), 3(00050144), 4(00050148)}
    LOOP at 00050270 {11(00050270), 14(00050274), 15(00050280), 17(00050284)}
  FUNCTION to icrc {ENTRY, 0(00050158), 1(000501a4), 2(00050208), 4(00050210), 5(00050220), 7(00050248), 8(00050228), 9(00050254), 10(000502b0), 12(000502b8), 13(000502c0), 16(000502e0), EXIT}
    LOOP at 000501c8 {3(000501c8), 6(000501d4)}
      FUNCTION to icrc1 {ENTRY, 0(00050124), 5(00050154), EXIT}
        LOOP at 00050130 {1(00050130), 2(00050138), 3(00050144), 4(00050148)}
    LOOP at 00050270 {11(00050270), 14(00050274), 15(00050280), 17(00050284)}
SUCCESS
