9c6b436770eddc45258f0038593ba56e  ../snu-rt/fft1k/fft1k
Looking for CFG main
main found at 0x00050314

DOMINANCE
0 dominates {0, 1, 2, 3, 4, 5}
1 dominates {1, 2, 3, 4, 5}
2 dominates {2, 3, 4, 5}
3 dominates {3, 4, 5}
4 dominates {4, 5}
5 dominates {5}

LOOP HEADERS

CONTEXT TREE
ROOT {ENTRY, 0(00050314), 1(00050330), 2(0005033c), 3(00050350), EXIT}
  FUNCTION to init_w {ENTRY, 0(000504a4), 1(00050518), 2(00050588), EXIT}
    LOOP at 00050538 {3(00050538), 4(00050564), 5(00050578)}
      FUNCTION to cos {ENTRY, 0(000502e0), 1(00050304), EXIT}
        FUNCTION to sin {ENTRY, 0(00050144), 1(00050190), 2(000501a8), 4(000501c0), 5(000501e4), 9(000502ac), EXIT}
          LOOP at 00050194 {3(00050194)}
          LOOP at 000501d0 {6(000501d0)}
          LOOP at 00050298 {7(00050298), 8(000502a0), 10(0005025c)}
            FUNCTION to fabs {ENTRY, 0(00050124), 1(0005013c), EXIT}
      FUNCTION to sin {ENTRY, 0(00050144), 1(00050190), 2(000501a8), 4(000501c0), 5(000501e4), 9(000502ac), EXIT}
        LOOP at 00050194 {3(00050194)}
        LOOP at 000501d0 {6(000501d0)}
        LOOP at 00050298 {7(00050298), 8(000502a0), 10(0005025c)}
          FUNCTION to fabs {ENTRY, 0(00050124), 1(0005013c), EXIT}
  FUNCTION to fft_c {ENTRY, 0(0005036c), 1(00050394), 2(0005048c), EXIT}
    LOOP at 00050398 {3(00050398), 4(000503a8), 5(00050478)}
      LOOP at 000503ac {6(000503ac), 7(000503c8), 8(00050468)}
        LOOP at 000503d8 {9(000503d8)}
SUCCESS
