7fee1f30b95a93f0f2ba47aa4204987d  ../snu-rt/fft1/fft1
Looking for CFG main
main found at 0x000502f4

DOMINANCE
0 dominates {0, 1, 2, 3, 4, 5, 6, 7, 8}
1 dominates {1, 2, 3, 4, 5, 6, 7, 8}
2 dominates {2, 3, 4, 5, 6, 7, 8}
3 dominates {3, 4, 5, 6, 7, 8}
4 dominates {4, 5, 6, 7, 8}
5 dominates {5, 6, 7, 8}
6 dominates {6, 7, 8}
7 dominates {7, 8}
8 dominates {8}

LOOP HEADERS
- 3 (0005035c)

CONTEXT TREE
ROOT {ENTRY, 0(000502f4), 1(00050320), 4(00050390), 5(0005039c), 6(000503a8), EXIT}
  LOOP at 0005035c {2(0005035c), 3(0005037c)}
    FUNCTION to cos {ENTRY, 0(000502c4), 1(000502e4), EXIT}
      FUNCTION to sin {ENTRY, 0(00050154), 2(000501a4), 3(000501b4), 4(000501d0), 8(00050290), EXIT}
        LOOP at 00050198 {1(00050198)}
        LOOP at 000501c4 {5(000501c4)}
        LOOP at 0005027c {6(0005027c), 7(00050284), 9(00050244)}
          FUNCTION to fabs {ENTRY, 0(00050124), 1(0005013c), EXIT}
  FUNCTION to fft1 {ENTRY, 0(000503d8), 1(00050434), 2(0005043c), 3(00050750), 4(00050464), 5(00050478), 7(000504a8), 8(000504d4), 9(000504e4), 10(000504ec), 11(00050500), 12(0005050c), 13(0005051c), 14(00050640), 16(00050660), 17(000506dc), 21(000506e4), 22(0005074c), 26(00050714), EXIT}
    FUNCTION to log {ENTRY, 0(00050144), EXIT}
    FUNCTION to log {ENTRY, 0(00050144), EXIT}
    LOOP at 00050498 {6(00050498)}
    FUNCTION to fabs {ENTRY, 0(00050124), 1(0005013c), EXIT}
    LOOP at 00050534 {15(00050534), 18(00050568), 19(00050634)}
      LOOP at 00050578 {23(00050578), 27(00050598), 31(000505a8), 32(000505bc), 33(00050628)}
        FUNCTION to cos {ENTRY, 0(000502c4), 1(000502e4), EXIT}
          FUNCTION to sin {ENTRY, 0(00050154), 2(000501a4), 3(000501b4), 4(000501d0), 8(00050290), EXIT}
            LOOP at 00050198 {1(00050198)}
            LOOP at 000501c4 {5(000501c4)}
            LOOP at 0005027c {6(0005027c), 7(00050284), 9(00050244)}
              FUNCTION to fabs {ENTRY, 0(00050124), 1(0005013c), EXIT}
        FUNCTION to sin {ENTRY, 0(00050154), 2(000501a4), 3(000501b4), 4(000501d0), 8(00050290), EXIT}
          LOOP at 00050198 {1(00050198)}
          LOOP at 000501c4 {5(000501c4)}
          LOOP at 0005027c {6(0005027c), 7(00050284), 9(00050244)}
            FUNCTION to fabs {ENTRY, 0(00050124), 1(0005013c), EXIT}
        LOOP at 000505cc {34(000505cc)}
    LOOP at 00050670 {20(00050670), 24(00050678), 25(000506a8), 29(000506cc)}
      LOOP at 000506b4 {28(000506b4)}
    LOOP at 00050724 {30(00050724)}
  FUNCTION to fft1 {ENTRY, 0(000503d8), 1(00050434), 2(0005043c), 3(00050750), 4(00050464), 5(00050478), 7(000504a8), 8(000504d4), 9(000504e4), 10(000504ec), 11(00050500), 12(0005050c), 13(0005051c), 14(00050640), 16(00050660), 17(000506dc), 21(000506e4), 22(0005074c), 26(00050714), EXIT}
    FUNCTION to log {ENTRY, 0(00050144), EXIT}
    FUNCTION to log {ENTRY, 0(00050144), EXIT}
    LOOP at 00050498 {6(00050498)}
    FUNCTION to fabs {ENTRY, 0(00050124), 1(0005013c), EXIT}
    LOOP at 00050534 {15(00050534), 18(00050568), 19(00050634)}
      LOOP at 00050578 {23(00050578), 27(00050598), 31(000505a8), 32(000505bc), 33(00050628)}
        FUNCTION to cos {ENTRY, 0(000502c4), 1(000502e4), EXIT}
          FUNCTION to sin {ENTRY, 0(00050154), 2(000501a4), 3(000501b4), 4(000501d0), 8(00050290), EXIT}
            LOOP at 00050198 {1(00050198)}
            LOOP at 000501c4 {5(000501c4)}
            LOOP at 0005027c {6(0005027c), 7(00050284), 9(00050244)}
              FUNCTION to fabs {ENTRY, 0(00050124), 1(0005013c), EXIT}
        FUNCTION to sin {ENTRY, 0(00050154), 2(000501a4), 3(000501b4), 4(000501d0), 8(00050290), EXIT}
          LOOP at 00050198 {1(00050198)}
          LOOP at 000501c4 {5(000501c4)}
          LOOP at 0005027c {6(0005027c), 7(00050284), 9(00050244)}
            FUNCTION to fabs {ENTRY, 0(00050124), 1(0005013c), EXIT}
        LOOP at 000505cc {34(000505cc)}
    LOOP at 00050670 {20(00050670), 24(00050678), 25(000506a8), 29(000506cc)}
      LOOP at 000506b4 {28(000506b4)}
    LOOP at 00050724 {30(00050724)}
SUCCESS
