94c4906b0f373a4e89f4f1b6dfca3f47  ../snu-rt/fir/fir
Looking for CFG main
main found at 0x00050610

DOMINANCE
0 dominates {0, 1, 2, 3, 4, 5, 6, 7, 8, 9, 10, 11, 12}
1 dominates {1, 2, 3, 4, 5, 6, 7, 8, 9, 10, 11, 12}
2 dominates {2, 3, 4, 5, 6, 7, 8, 9, 10, 11, 12}
3 dominates {3, 4, 5, 6, 7, 8, 9, 10, 11, 12}
4 dominates {4, 5, 6, 7, 8, 9, 10, 11, 12}
5 dominates {5, 6, 7, 8, 9, 10, 11, 12}
6 dominates {6, 7, 8, 9, 10, 11, 12}
7 dominates {7, 8, 9, 10, 11, 12}
8 dominates {8, 9, 10, 11, 12}
9 dominates {9, 10, 11, 12}
10 dominates {10, 11, 12}
11 dominates {11, 12}
12 dominates {12}

LOOP HEADERS
- 3 (00050674)
- 8 (000506e4)

CONTEXT TREE
ROOT {ENTRY, 0(00050610), 1(00050644), 6(000506c8), 10(00050714), EXIT}
  LOOP at 00050674 {2(00050674), 3(00050694), 4(0005069c), 5(000506bc)}
    FUNCTION to sin {ENTRY, 0(00050168), 1(000501b4), 2(000501cc), 4(000501e4), 5(00050208), 9(000502d0), EXIT}
      LOOP at 000501b8 {3(000501b8)}
      LOOP at 000501f4 {6(000501f4)}
      LOOP at 000502bc {7(000502bc), 8(000502c4), 10(00050280)}
        FUNCTION to fabs {ENTRY, 0(00050148), 1(00050160), EXIT}
    FUNCTION to gaussian {ENTRY, 0(00050458), 1(00050494), 2(000505cc), 3(00050498), 4(000505e0), 5(000504d0), 6(0005051c), 7(0005059c), 9(000505ac), EXIT}
      FUNCTION to rand {ENTRY, 0(00050124), EXIT}
      FUNCTION to rand {ENTRY, 0(00050124), EXIT}
      FUNCTION to sqrt {ENTRY, 0(00050314), 1(00050368), 2(00050378), 3(000503c8), EXIT}
        LOOP at 0005037c {4(0005037c), 5(00050384), 6(000503bc), 7(000503ac), 8(000503b8)}
          FUNCTION to fabs {ENTRY, 0(00050148), 1(00050160), EXIT}
      LOOP at 00050538 {8(00050538), 10(0005053c), 11(00050560)}
        FUNCTION to rand {ENTRY, 0(00050124), EXIT}
        FUNCTION to rand {ENTRY, 0(00050124), EXIT}
    FUNCTION to fir_filter {ENTRY, 0(000503f0), 2(00050448), EXIT}
      LOOP at 0005041c {1(0005041c)}
  LOOP at 000506e4 {7(000506e4), 8(00050704), 9(00050708)}
    FUNCTION to sin {ENTRY, 0(00050168), 1(000501b4), 2(000501cc), 4(000501e4), 5(00050208), 9(000502d0), EXIT}
      LOOP at 000501b8 {3(000501b8)}
      LOOP at 000501f4 {6(000501f4)}
      LOOP at 000502bc {7(000502bc), 8(000502c4), 10(00050280)}
        FUNCTION to fabs {ENTRY, 0(00050148), 1(00050160), EXIT}
    FUNCTION to gaussian {ENTRY, 0(00050458), 1(00050494), 2(000505cc), 3(00050498), 4(000505e0), 5(000504d0), 6(0005051c), 7(0005059c), 9(000505ac), EXIT}
      FUNCTION to rand {ENTRY, 0(00050124), EXIT}
      FUNCTION to rand {ENTRY, 0(00050124), EXIT}
      FUNCTION to sqrt {ENTRY, 0(00050314), 1(00050368), 2(00050378), 3(000503c8), EXIT}
        LOOP at 0005037c {4(0005037c), 5(00050384), 6(000503bc), 7(000503ac), 8(000503b8)}
          FUNCTION to fabs {ENTRY, 0(00050148), 1(00050160), EXIT}
      LOOP at 00050538 {8(00050538), 10(0005053c), 11(00050560)}
        FUNCTION to rand {ENTRY, 0(00050124), EXIT}
        FUNCTION to rand {ENTRY, 0(00050124), EXIT}
SUCCESS
