2c8b6c06aba08a2a41a485ce09e74ee5  ../snu-rt/insertsort/insertsort
Looking for CFG main
main found at 0x00050124

DOMINANCE
0 dominates {0, 1, 2, 3, 4, 5, 6, 7}
1 dominates {1, 2, 3, 4, 5, 6, 7}
2 dominates {2, 3, 4, 5, 6, 7}
3 dominates {3, 4, 5, 6, 7}
4 dominates {4}
5 dominates {5, 6, 7}
6 dominates {6, 7}
7 dominates {7}

LOOP HEADERS
- 3 (00050194)
- 4 (000501b8)

CONTEXT TREE
ROOT {ENTRY, 0(00050124), 1(00050134), 5(000501f8), EXIT}
  LOOP at 00050194 {2(00050194), 4(000501ec)}
    LOOP at 000501b8 {3(000501b8)}
SUCCESS
