480900e0e98d38abdc2e1292428365fd  ../snu-rt/lms/lms
Looking for CFG main
main found at 0x000505c8

DOMINANCE
0 dominates {0, 1, 2, 3, 4, 5, 6, 7, 8, 9, 10, 11, 12}
1 dominates {1, 2, 3, 4, 5, 6, 7, 8, 9, 10, 11, 12}
2 dominates {2, 3, 4, 5, 6, 7, 8, 9, 10, 11, 12}
3 dominates {3, 4, 5, 6, 7, 8, 9, 10, 11, 12}
4 dominates {4, 5, 6, 7, 8, 9, 10, 11, 12}
5 dominates {5, 6, 7, 8, 9, 10, 11, 12}
6 dominates {6, 7, 8, 9, 10, 11, 12}
7 dominates {7, 8, 9, 10, 11, 12}
8 dominates {8, 9, 10, 11, 12}
9 dominates {9, 10, 11, 12}
10 dominates {10, 11, 12}
11 dominates {11, 12}
12 dominates {12}

LOOP HEADERS
- 5 (00050664)
- 9 (000506f8)

CONTEXT TREE
ROOT {ENTRY, 0(000505c8), 1(00050604), 2(00050618), 3(00050630), 7(000506b0), 10(00050724), EXIT}
  FUNCTION to sqrt {ENTRY, 0(00050178), 1(000501cc), 2(000501dc), 3(0005022c), EXIT}
    LOOP at 000501e0 {4(000501e0), 5(000501e8), 6(00050220), 7(00050210), 8(0005021c)}
      FUNCTION to fabs {ENTRY, 0(00050158), 1(00050170), EXIT}
  FUNCTION to sqrt {ENTRY, 0(00050178), 1(000501cc), 2(000501dc), 3(0005022c), EXIT}
    LOOP at 000501e0 {4(000501e0), 5(000501e8), 6(00050220), 7(00050210), 8(0005021c)}
      FUNCTION to fabs {ENTRY, 0(00050158), 1(00050170), EXIT}
  LOOP at 00050664 {4(00050664), 5(0005068c), 6(00050694)}
    FUNCTION to sin {ENTRY, 0(00050254), 1(000502a0), 2(000502b8), 4(000502d0), 5(000502f4), 9(000503bc), EXIT}
      LOOP at 000502a4 {3(000502a4)}
      LOOP at 000502e0 {6(000502e0)}
      LOOP at 000503a8 {7(000503a8), 8(000503b0), 10(0005036c)}
        FUNCTION to fabs {ENTRY, 0(00050158), 1(00050170), EXIT}
    FUNCTION to gaussian {ENTRY, 0(000503f0), 1(00050430), 2(00050580), 3(00050434), 4(00050594), 5(0005046c), 6(000504b8), 7(00050538), 9(00050544), 11(00050560), EXIT}
      FUNCTION to rand {ENTRY, 0(00050124), EXIT}
      FUNCTION to rand {ENTRY, 0(00050124), EXIT}
      FUNCTION to log {ENTRY, 0(00050148), EXIT}
      LOOP at 000504d4 {8(000504d4), 10(000504d8), 12(000504fc)}
        FUNCTION to rand {ENTRY, 0(00050124), EXIT}
        FUNCTION to rand {ENTRY, 0(00050124), EXIT}
      FUNCTION to sqrt {ENTRY, 0(00050178), 1(000501cc), 2(000501dc), 3(0005022c), EXIT}
        LOOP at 000501e0 {4(000501e0), 5(000501e8), 6(00050220), 7(00050210), 8(0005021c)}
          FUNCTION to fabs {ENTRY, 0(00050158), 1(00050170), EXIT}
  LOOP at 000506f8 {8(000506f8), 9(00050714)}
    FUNCTION to lms {ENTRY, 0(00050764), 1(00050780), 2(000507a0), 4(000507e8), 5(00050810), 7(00050818), 9(0005083c), EXIT}
      LOOP at 00050784 {3(00050784)}
      LOOP at 000507f0 {6(000507f0)}
      LOOP at 00050820 {8(00050820)}
SUCCESS
