080bbd49772ef358fc1aca433afe58e7  ../snu-rt/ludcmp/ludcmp
Looking for CFG main
main found at 0x00050144

DOMINANCE
0 dominates {0, 1, 2, 3, 4, 5, 6, 7, 8, 9, 10, 11}
1 dominates {1, 2, 3, 4, 5, 6, 7, 8, 9, 10, 11}
2 dominates {2, 3, 4, 5, 6, 7, 8, 9, 10, 11}
3 dominates {3, 4, 5, 6, 7, 8, 9, 10, 11}
4 dominates {4, 6, 8, 9}
5 dominates {5, 7, 10, 11}
6 dominates {6, 8, 9}
7 dominates {7, 10, 11}
8 dominates {8}
9 dominates {9}
10 dominates {10, 11}
11 dominates {11}

LOOP HEADERS
- 3 (0005016c)
- 6 (000501bc)

CONTEXT TREE
ROOT {ENTRY, 0(00050144), 1(00050154), 6(00050224), 9(0005022c), EXIT}
  LOOP at 0005016c {2(0005016c), 3(00050184), 4(00050210)}
    LOOP at 000501bc {5(000501bc), 7(000501ec), 8(000501f4)}
  FUNCTION to ludcmp {ENTRY, 0(00050240), 1(00050294), 2(000502a4), 3(00050600), 4(000502b0), 5(00050490), 7(000504a8), 8(0005051c), 11(00050560), 12(000505fc), 14(0005029c), EXIT}
    LOOP at 000502b8 {6(000502b8), 9(000502d4), 13(000502e0), 18(000502ec), 19(000503c8), 24(000503d4), 25(00050484)}
      FUNCTION to fabs {ENTRY, 0(00050124), 1(0005013c), EXIT}
      LOOP at 00050310 {23(00050310), 27(00050330), 28(00050398), 30(0005033c)}
        LOOP at 0005035c {33(0005035c)}
      LOOP at 000503f4 {29(000503f4), 31(0005040c), 32(0005046c)}
        LOOP at 00050430 {34(00050430)}
    LOOP at 000504b0 {10(000504b0), 15(000504c4), 16(00050508)}
      LOOP at 000504e4 {20(000504e4)}
    LOOP at 00050574 {17(00050574), 21(00050588), 22(000505d0)}
      LOOP at 000505ac {26(000505ac)}
SUCCESS
