5ce0dda27f0d8e81bf5520ea1412d05e  ../snu-rt/matmul/matmul
Looking for CFG main
main found at 0x000501f4

DOMINANCE
0 dominates {0, 1, 2, 3, 4}
1 dominates {1, 2, 3, 4}
2 dominates {2, 3, 4}
3 dominates {3, 4}
4 dominates {4}

LOOP HEADERS

CONTEXT TREE
ROOT {ENTRY, 0(000501f4), 1(00050204), 2(00050224), EXIT}
  FUNCTION to matmul {ENTRY, 0(00050124), 4(00050174), 10(000501e8), EXIT}
    LOOP at 00050140 {1(00050140), 3(00050168)}
      LOOP at 00050154 {2(00050154)}
    LOOP at 00050178 {5(00050178), 9(000501dc)}
      LOOP at 00050190 {6(00050190), 8(000501d0)}
        LOOP at 00050198 {7(00050198)}
SUCCESS
