25ed3c5d3ec74848bdf8e7454766e3bf  ../snu-rt/minver/minver
Looking for CFG main
main found at 0x00050144

DOMINANCE
0 dominates {0, 1, 2, 3, 4, 5, 6, 7, 8, 9, 10, 11, 12, 13}
1 dominates {1, 2, 3, 4, 5, 6, 7, 8, 9, 10, 11, 12, 13}
2 dominates {2, 3, 4, 5, 6, 7, 8, 9, 10, 11, 12, 13}
3 dominates {3, 4, 5, 6, 7, 8, 9, 10, 11, 12, 13}
4 dominates {4, 5, 6, 7, 8, 9, 10, 11, 12, 13}
5 dominates {5, 6, 7, 8, 9, 10, 11, 12, 13}
6 dominates {6, 7, 8, 9, 10, 11, 12, 13}
7 dominates {7, 8, 9, 10, 11, 12, 13}
8 dominates {8, 9, 10, 11, 12, 13}
9 dominates {9, 10, 11, 12, 13}
10 dominates {10, 11, 12, 13}
11 dominates {11, 12, 13}
12 dominates {12, 13}
13 dominates {13}

LOOP HEADERS
- 3 (00050170)
- 4 (00050180)
- 8 (000501c8)
- 9 (000501d8)

CONTEXT TREE
ROOT {ENTRY, 0(00050144), 1(00050154), 5(000501a8), 6(000501b4), 10(00050200), 11(00050214), EXIT}
  LOOP at 00050170 {2(00050170), 4(0005019c)}
    LOOP at 00050180 {3(00050180)}
  FUNCTION to minver {ENTRY, 0(00050358), 1(000503d0), 2(000503e8), 3(0005070c), 4(00050400), 5(00050418), 7(00050424), 8(00050664), 10(00050670), 11(00050700), 21(000503d8), EXIT}
    LOOP at 00050404 {6(00050404)}
    LOOP at 00050430 {9(00050430), 12(00050448), 13(0005048c), 16(000504a8), 20(000504b4), 25(000504c0), 26(00050530), 29(000504e8), 30(0005053c), 31(00050570), 35(0005057c), 36(00050640)}
      FUNCTION to fabs {ENTRY, 0(00050124), 1(0005013c), EXIT}
      LOOP at 00050454 {15(00050454), 19(0005046c), 23(00050478), 24(00050480)}
        FUNCTION to fabs {ENTRY, 0(00050124), 1(0005013c), EXIT}
      LOOP at 00050508 {33(00050508)}
      LOOP at 00050550 {34(00050550)}
      LOOP at 00050594 {37(00050594), 38(0005059c), 39(00050634), 40(000505b8), 41(000505c4), 42(00050618)}
        LOOP at 000505e4 {43(000505e4), 44(000505ec), 45(0005060c)}
    LOOP at 00050674 {14(00050674), 17(00050688), 18(000506f4)}
      LOOP at 0005068c {22(0005068c), 27(000506ac), 28(000506e4)}
        LOOP at 000506c8 {32(000506c8)}
  LOOP at 000501c8 {7(000501c8), 9(000501f4)}
    LOOP at 000501d8 {8(000501d8)}
  FUNCTION to mmul {ENTRY, 0(00050228), 1(0005025c), 2(00050280), 3(00050288), 4(00050344), 6(00050340), EXIT}
    LOOP at 00050294 {5(00050294), 7(000502a0), 8(00050334)}
      LOOP at 000502b4 {9(000502b4), 10(000502cc), 11(0005031c)}
        LOOP at 000502ec {12(000502ec)}
SUCCESS
