14bdff21a4be3b1dc4ac01dcbd36aef2  ../snu-rt/qurt/qurt
Looking for CFG main
main found at 0x00050218

DOMINANCE
0 dominates {0, 1, 2, 3, 4, 5, 6}
1 dominates {1, 2, 3, 4, 5, 6}
2 dominates {2, 3, 4, 5, 6}
3 dominates {3, 4, 5, 6}
4 dominates {4, 5, 6}
5 dominates {5, 6}
6 dominates {6}

LOOP HEADERS

CONTEXT TREE
ROOT {ENTRY, 0(00050218), 1(00050240), 2(0005027c), 3(000502a0), 4(000502cc), EXIT}
  FUNCTION to qurt {ENTRY, 0(000502f8), 1(0005032c), 2(00050334), 3(0005047c), 4(0005036c), 5(00050374), 6(00050388), 7(000503d0), 8(00050478), 9(000503e4), 10(0005042c), EXIT}
    FUNCTION to fabs {ENTRY, 0(00050124), 1(0005013c), EXIT}
    FUNCTION to sqrt {ENTRY, 0(00050144), 1(00050198), 2(000501a8), 3(000501f0), EXIT}
      LOOP at 000501ac {4(000501ac), 5(000501b4), 6(000501e4), 7(000501d4), 8(000501e0)}
        FUNCTION to fabs {ENTRY, 0(00050124), 1(0005013c), EXIT}
  FUNCTION to qurt {ENTRY, 0(000502f8), 1(0005032c), 2(00050334), 3(0005047c), 4(0005036c), 5(00050374), 6(00050388), 7(000503d0), 8(00050478), 9(000503e4), 10(0005042c), EXIT}
    FUNCTION to fabs {ENTRY, 0(00050124), 1(0005013c), EXIT}
    FUNCTION to sqrt {ENTRY, 0(00050144), 1(00050198), 2(000501a8), 3(000501f0), EXIT}
      LOOP at 000501ac {4(000501ac), 5(000501b4), 6(000501e4), 7(000501d4), 8(000501e0)}
        FUNCTION to fabs {ENTRY, 0(00050124), 1(0005013c), EXIT}
  FUNCTION to qurt {ENTRY, 0(000502f8), 1(0005032c), 2(00050334), 3(0005047c), 4(0005036c), 5(00050374), 6(00050388), 7(000503d0), 8(00050478), 9(000503e4), 10(0005042c), EXIT}
    FUNCTION to fabs {ENTRY, 0(00050124), 1(0005013c), EXIT}
    FUNCTION to sqrt {ENTRY, 0(00050144), 1(00050198), 2(000501a8), 3(000501f0), EXIT}
      LOOP at 000501ac {4(000501ac), 5(000501b4), 6(000501e4), 7(000501d4), 8(000501e0)}
        FUNCTION to fabs {ENTRY, 0(00050124), 1(0005013c), EXIT}
SUCCESS
