dca3cc9c2cbf32834c737bb479eb88ff  ../snu-rt/select/select
Looking for CFG main
main found at 0x0005034c

DOMINANCE
0 dominates {0, 1, 2, 3, 4}
1 dominates {1, 2, 3, 4}
2 dominates {2, 3, 4}
3 dominates {3, 4}
4 dominates {4}

LOOP HEADERS

CONTEXT TREE
ROOT {ENTRY, 0(0005034c), 1(0005035c), 2(00050368), EXIT}
  FUNCTION to select {ENTRY, 0(00050124), 7(0005032c), EXIT}
    LOOP at 0005014c {1(0005014c), 2(00050158), 3(0005018c), 4(00050160), 5(00050184), 6(00050194), 8(0005017c), 9(00050324), 10(000501c8), 11(000501d0), 12(000501ec), 13(000501f8), 14(00050218), 15(00050224), 16(0005023c), 17(000502e4)}
      LOOP at 00050244 {18(00050244), 19(00050258), 20(00050274), 22(00050288), 23(000502a4), 25(000502c0), 26(000502c8)}
        LOOP at 00050260 {21(00050260)}
        LOOP at 00050290 {24(00050290)}
SUCCESS
